16:59:32 **** Build of configuration Debug for project Q1 ****
make -j4 all 
arm-none-eabi-gcc "../ThirdParty/FreeRTOS/portable/MemMang/heap_4.c" -mcpu=cortex-m4 -std=gnu11 -g3 -DDEBUG -DSTM32 -DB_G473E_ZEST1S -DSTM32G473QETx -DSTM32G4 -c -I../Inc -I../ThirdParty/FreeRTOS/portable/GCC/ARM_CM4F -I../ThirdParty/FreeRTOS/include -O0 -ffunction-sections -fdata-sections -Wall -fstack-usage -fcyclomatic-complexity -MMD -MP -MF"ThirdParty/FreeRTOS/portable/MemMang/heap_4.d" -MT"ThirdParty/FreeRTOS/portable/MemMang/heap_4.o" --specs=nano.specs -mfpu=fpv4-sp-d16 -mfloat-abi=hard -mthumb -o "ThirdParty/FreeRTOS/portable/MemMang/heap_4.o"
arm-none-eabi-gcc "../ThirdParty/FreeRTOS/portable/GCC/ARM_CM4F/port.c" -mcpu=cortex-m4 -std=gnu11 -g3 -DDEBUG -DSTM32 -DB_G473E_ZEST1S -DSTM32G473QETx -DSTM32G4 -c -I../Inc -I../ThirdParty/FreeRTOS/portable/GCC/ARM_CM4F -I../ThirdParty/FreeRTOS/include -O0 -ffunction-sections -fdata-sections -Wall -fstack-usage -fcyclomatic-complexity -MMD -MP -MF"ThirdParty/FreeRTOS/portable/GCC/ARM_CM4F/port.d" -MT"ThirdParty/FreeRTOS/portable/GCC/ARM_CM4F/port.o" --specs=nano.specs -mfpu=fpv4-sp-d16 -mfloat-abi=hard -mthumb -o "ThirdParty/FreeRTOS/portable/GCC/ARM_CM4F/port.o"
arm-none-eabi-gcc "../ThirdParty/FreeRTOS/croutine.c" -mcpu=cortex-m4 -std=gnu11 -g3 -DDEBUG -DSTM32 -DB_G473E_ZEST1S -DSTM32G473QETx -DSTM32G4 -c -I../Inc -I../ThirdParty/FreeRTOS/portable/GCC/ARM_CM4F -I../ThirdParty/FreeRTOS/include -O0 -ffunction-sections -fdata-sections -Wall -fstack-usage -fcyclomatic-complexity -MMD -MP -MF"ThirdParty/FreeRTOS/croutine.d" -MT"ThirdParty/FreeRTOS/croutine.o" --specs=nano.specs -mfpu=fpv4-sp-d16 -mfloat-abi=hard -mthumb -o "ThirdParty/FreeRTOS/croutine.o"
arm-none-eabi-gcc "../ThirdParty/FreeRTOS/event_groups.c" -mcpu=cortex-m4 -std=gnu11 -g3 -DDEBUG -DSTM32 -DB_G473E_ZEST1S -DSTM32G473QETx -DSTM32G4 -c -I../Inc -I../ThirdParty/FreeRTOS/portable/GCC/ARM_CM4F -I../ThirdParty/FreeRTOS/include -O0 -ffunction-sections -fdata-sections -Wall -fstack-usage -fcyclomatic-complexity -MMD -MP -MF"ThirdParty/FreeRTOS/event_groups.d" -MT"ThirdParty/FreeRTOS/event_groups.o" --specs=nano.specs -mfpu=fpv4-sp-d16 -mfloat-abi=hard -mthumb -o "ThirdParty/FreeRTOS/event_groups.o"
arm-none-eabi-gcc "../ThirdParty/FreeRTOS/list.c" -mcpu=cortex-m4 -std=gnu11 -g3 -DDEBUG -DSTM32 -DB_G473E_ZEST1S -DSTM32G473QETx -DSTM32G4 -c -I../Inc -I../ThirdParty/FreeRTOS/portable/GCC/ARM_CM4F -I../ThirdParty/FreeRTOS/include -O0 -ffunction-sections -fdata-sections -Wall -fstack-usage -fcyclomatic-complexity -MMD -MP -MF"ThirdParty/FreeRTOS/list.d" -MT"ThirdParty/FreeRTOS/list.o" --specs=nano.specs -mfpu=fpv4-sp-d16 -mfloat-abi=hard -mthumb -o "ThirdParty/FreeRTOS/list.o"
arm-none-eabi-gcc "../ThirdParty/FreeRTOS/queue.c" -mcpu=cortex-m4 -std=gnu11 -g3 -DDEBUG -DSTM32 -DB_G473E_ZEST1S -DSTM32G473QETx -DSTM32G4 -c -I../Inc -I../ThirdParty/FreeRTOS/portable/GCC/ARM_CM4F -I../ThirdParty/FreeRTOS/include -O0 -ffunction-sections -fdata-sections -Wall -fstack-usage -fcyclomatic-complexity -MMD -MP -MF"ThirdParty/FreeRTOS/queue.d" -MT"ThirdParty/FreeRTOS/queue.o" --specs=nano.specs -mfpu=fpv4-sp-d16 -mfloat-abi=hard -mthumb -o "ThirdParty/FreeRTOS/queue.o"
arm-none-eabi-gcc "../ThirdParty/FreeRTOS/stream_buffer.c" -mcpu=cortex-m4 -std=gnu11 -g3 -DDEBUG -DSTM32 -DB_G473E_ZEST1S -DSTM32G473QETx -DSTM32G4 -c -I../Inc -I../ThirdParty/FreeRTOS/portable/GCC/ARM_CM4F -I../ThirdParty/FreeRTOS/include -O0 -ffunction-sections -fdata-sections -Wall -fstack-usage -fcyclomatic-complexity -MMD -MP -MF"ThirdParty/FreeRTOS/stream_buffer.d" -MT"ThirdParty/FreeRTOS/stream_buffer.o" --specs=nano.specs -mfpu=fpv4-sp-d16 -mfloat-abi=hard -mthumb -o "ThirdParty/FreeRTOS/stream_buffer.o"
arm-none-eabi-gcc "../ThirdParty/FreeRTOS/tasks.c" -mcpu=cortex-m4 -std=gnu11 -g3 -DDEBUG -DSTM32 -DB_G473E_ZEST1S -DSTM32G473QETx -DSTM32G4 -c -I../Inc -I../ThirdParty/FreeRTOS/portable/GCC/ARM_CM4F -I../ThirdParty/FreeRTOS/include -O0 -ffunction-sections -fdata-sections -Wall -fstack-usage -fcyclomatic-complexity -MMD -MP -MF"ThirdParty/FreeRTOS/tasks.d" -MT"ThirdParty/FreeRTOS/tasks.o" --specs=nano.specs -mfpu=fpv4-sp-d16 -mfloat-abi=hard -mthumb -o "ThirdParty/FreeRTOS/tasks.o"
arm-none-eabi-gcc "../ThirdParty/FreeRTOS/timers.c" -mcpu=cortex-m4 -std=gnu11 -g3 -DDEBUG -DSTM32 -DB_G473E_ZEST1S -DSTM32G473QETx -DSTM32G4 -c -I../Inc -I../ThirdParty/FreeRTOS/portable/GCC/ARM_CM4F -I../ThirdParty/FreeRTOS/include -O0 -ffunction-sections -fdata-sections -Wall -fstack-usage -fcyclomatic-complexity -MMD -MP -MF"ThirdParty/FreeRTOS/timers.d" -MT"ThirdParty/FreeRTOS/timers.o" --specs=nano.specs -mfpu=fpv4-sp-d16 -mfloat-abi=hard -mthumb -o "ThirdParty/FreeRTOS/timers.o"
arm-none-eabi-gcc -mcpu=cortex-m4 -g3 -DDEBUG -c -x assembler-with-cpp -MMD -MP -MF"Startup/startup_stm32g473qetx.d" -MT"Startup/startup_stm32g473qetx.o" --specs=nano.specs -mfpu=fpv4-sp-d16 -mfloat-abi=hard -mthumb -o "Startup/startup_stm32g473qetx.o" "../Startup/startup_stm32g473qetx.s"
arm-none-eabi-gcc "../Src/itm.c" -mcpu=cortex-m4 -std=gnu11 -g3 -DDEBUG -DSTM32 -DB_G473E_ZEST1S -DSTM32G473QETx -DSTM32G4 -c -I../Inc -I../ThirdParty/FreeRTOS/portable/GCC/ARM_CM4F -I../ThirdParty/FreeRTOS/include -O0 -ffunction-sections -fdata-sections -Wall -fstack-usage -fcyclomatic-complexity -MMD -MP -MF"Src/itm.d" -MT"Src/itm.o" --specs=nano.specs -mfpu=fpv4-sp-d16 -mfloat-abi=hard -mthumb -o "Src/itm.o"
arm-none-eabi-gcc "../Src/led.c" -mcpu=cortex-m4 -std=gnu11 -g3 -DDEBUG -DSTM32 -DB_G473E_ZEST1S -DSTM32G473QETx -DSTM32G4 -c -I../Inc -I../ThirdParty/FreeRTOS/portable/GCC/ARM_CM4F -I../ThirdParty/FreeRTOS/include -O0 -ffunction-sections -fdata-sections -Wall -fstack-usage -fcyclomatic-complexity -MMD -MP -MF"Src/led.d" -MT"Src/led.o" --specs=nano.specs -mfpu=fpv4-sp-d16 -mfloat-abi=hard -mthumb -o "Src/led.o"
arm-none-eabi-gcc "../Src/main.c" -mcpu=cortex-m4 -std=gnu11 -g3 -DDEBUG -DSTM32 -DB_G473E_ZEST1S -DSTM32G473QETx -DSTM32G4 -c -I../Inc -I../ThirdParty/FreeRTOS/portable/GCC/ARM_CM4F -I../ThirdParty/FreeRTOS/include -O0 -ffunction-sections -fdata-sections -Wall -fstack-usage -fcyclomatic-complexity -MMD -MP -MF"Src/main.d" -MT"Src/main.o" --specs=nano.specs -mfpu=fpv4-sp-d16 -mfloat-abi=hard -mthumb -o "Src/main.o"
arm-none-eabi-gcc "../Src/syscalls.c" -mcpu=cortex-m4 -std=gnu11 -g3 -DDEBUG -DSTM32 -DB_G473E_ZEST1S -DSTM32G473QETx -DSTM32G4 -c -I../Inc -I../ThirdParty/FreeRTOS/portable/GCC/ARM_CM4F -I../ThirdParty/FreeRTOS/include -O0 -ffunction-sections -fdata-sections -Wall -fstack-usage -fcyclomatic-complexity -MMD -MP -MF"Src/syscalls.d" -MT"Src/syscalls.o" --specs=nano.specs -mfpu=fpv4-sp-d16 -mfloat-abi=hard -mthumb -o "Src/syscalls.o"
arm-none-eabi-gcc "../Src/sysmem.c" -mcpu=cortex-m4 -std=gnu11 -g3 -DDEBUG -DSTM32 -DB_G473E_ZEST1S -DSTM32G473QETx -DSTM32G4 -c -I../Inc -I../ThirdParty/FreeRTOS/portable/GCC/ARM_CM4F -I../ThirdParty/FreeRTOS/include -O0 -ffunction-sections -fdata-sections -Wall -fstack-usage -fcyclomatic-complexity -MMD -MP -MF"Src/sysmem.d" -MT"Src/sysmem.o" --specs=nano.specs -mfpu=fpv4-sp-d16 -mfloat-abi=hard -mthumb -o "Src/sysmem.o"
arm-none-eabi-gcc "../Src/system_stm32f4xx.c" -mcpu=cortex-m4 -std=gnu11 -g3 -DDEBUG -DSTM32 -DB_G473E_ZEST1S -DSTM32G473QETx -DSTM32G4 -c -I../Inc -I../ThirdParty/FreeRTOS/portable/GCC/ARM_CM4F -I../ThirdParty/FreeRTOS/include -O0 -ffunction-sections -fdata-sections -Wall -fstack-usage -fcyclomatic-complexity -MMD -MP -MF"Src/system_stm32f4xx.d" -MT"Src/system_stm32f4xx.o" --specs=nano.specs -mfpu=fpv4-sp-d16 -mfloat-abi=hard -mthumb -o "Src/system_stm32f4xx.o"
../Src/main.c:29:4: warning: #warning "FPU is not initialized, but the project is compiling for an FPU. Please initialize the FPU before use." [-Wcpp]
   29 |   #warning "FPU is not initialized, but the project is compiling for an FPU. Please initialize the FPU before use."
      |    ^~~~~~~
arm-none-eabi-gcc -o "Q1.elf" @"objects.list"   -mcpu=cortex-m4 -T"/home/anjalita/DESD/RTOS/rtos CW/GPIO3/STM32G473QETX_FLASH.ld" --specs=nosys.specs -Wl,-Map="Q1.map" -Wl,--gc-sections -static --specs=nano.specs -mfpu=fpv4-sp-d16 -mfloat-abi=hard -mthumb -Wl,--start-group -lc -lm -Wl,--end-group
Finished building target: Q1.elf
 
arm-none-eabi-size  Q1.elf 
arm-none-eabi-objdump -h -S Q1.elf  > "Q1.list"
   text	   data	    bss	    dec	    hex	filename
   6768	     92	  17588	  24448	   5f80	Q1.elf
Finished building: default.size.stdout
 
Finished building: Q1.list
 

16:59:33 Build Finished. 0 errors, 1 warnings. (took 1s.538ms)

